../grapics/src/hal/lv_hal_disp.c:617:31:invalidate_layout_cb	8	static
../grapics/src/hal/lv_hal_disp.c:638:13:set_px_cb_alpha2	40	static
../grapics/src/hal/lv_hal_disp.c:694:13:set_px_true_color_alpha	28	static
../grapics/src/hal/lv_hal_disp.c:624:13:set_px_cb_alpha1	40	static
../grapics/src/hal/lv_hal_disp.c:666:13:set_px_cb_alpha8	40	static
../grapics/src/hal/lv_hal_disp.c:652:13:set_px_cb_alpha4	40	static
../grapics/src/hal/lv_hal_disp.c:85:6:lv_disp_drv_init	8	static
../grapics/src/hal/lv_hal_disp.c:155:6:lv_disp_draw_buf_init	24	static
../grapics/src/hal/lv_hal_disp.c:171:13:lv_disp_drv_register	32	static
../grapics/src/hal/lv_hal_disp.c:255:6:lv_disp_drv_update	32	static
../grapics/src/hal/lv_hal_disp.c:296:6:lv_disp_remove	24	static
../grapics/src/hal/lv_hal_disp.c:337:6:lv_disp_set_default	0	static
../grapics/src/hal/lv_hal_disp.c:346:13:lv_disp_get_default	0	static
../grapics/src/hal/lv_hal_disp.c:356:12:lv_disp_get_hor_res	0	static
../grapics/src/hal/lv_hal_disp.c:379:12:lv_disp_get_ver_res	0	static
../grapics/src/hal/lv_hal_disp.c:402:12:lv_disp_get_physical_hor_res	0	static
../grapics/src/hal/lv_hal_disp.c:425:12:lv_disp_get_physical_ver_res	0	static
../grapics/src/hal/lv_hal_disp.c:448:12:lv_disp_get_offset_x	0	static
../grapics/src/hal/lv_hal_disp.c:474:12:lv_disp_get_offset_y	0	static
../grapics/src/hal/lv_hal_disp.c:500:6:lv_disp_get_antialiasing	0	static
../grapics/src/hal/lv_hal_disp.c:513:12:lv_disp_get_dpi	0	static
../grapics/src/hal/lv_hal_disp.c:524:31:lv_disp_flush_ready	0	static
../grapics/src/hal/lv_hal_disp.c:536:31:lv_disp_flush_is_last	0	static
../grapics/src/hal/lv_hal_disp.c:546:13:lv_disp_get_next	0	static
../grapics/src/hal/lv_hal_disp.c:559:22:lv_disp_get_draw_buf	0	static
../grapics/src/hal/lv_hal_disp.c:569:6:lv_disp_set_rotation	0	static
../grapics/src/hal/lv_hal_disp.c:583:15:lv_disp_get_rotation	0	static
../grapics/src/hal/lv_hal_disp.c:590:6:lv_disp_drv_use_generic_set_px_cb	0	static
