../grapics/src/core/lv_obj.c:965:13:obj_valid_child	24	static
../grapics/src/core/lv_obj.c:492:13:lv_obj_draw	176	static
../grapics/src/core/lv_obj.c:428:13:lv_obj_constructor	24	static
../grapics/src/core/lv_obj.c:892:13:lv_obj_set_state	88	static
../grapics/src/core/lv_obj.c:97:6:lv_is_initialized	0	static
../grapics/src/core/lv_obj.c:102:6:lv_init	8	static
../grapics/src/core/lv_obj.c:206:6:lv_deinit	8	static
../grapics/src/core/lv_obj.c:222:12:lv_obj_create	8	static
../grapics/src/core/lv_obj.c:275:6:lv_obj_clear_flag	40	static
../grapics/src/core/lv_obj.c:303:6:lv_obj_add_state	8	static
../grapics/src/core/lv_obj.c:313:6:lv_obj_clear_state	8	static
../grapics/src/core/lv_obj.c:327:6:lv_obj_has_flag	0	static
../grapics/src/core/lv_obj.c:334:6:lv_obj_has_flag_any	0	static
../grapics/src/core/lv_obj.c:341:12:lv_obj_get_state	0	static
../grapics/src/core/lv_obj.c:348:6:lv_obj_has_state	0	static
../grapics/src/core/lv_obj.c:355:8:lv_obj_get_group	0	static
../grapics/src/core/lv_obj.c:733:13:lv_obj_event	40	static
../grapics/src/core/lv_obj.c:459:13:lv_obj_destructor	8	static
../grapics/src/core/lv_obj.c:238:6:lv_obj_add_flag	40	static
../grapics/src/core/lv_obj.c:367:6:lv_obj_allocate_spec_attr	8	static
../grapics/src/core/lv_obj.c:385:6:lv_obj_check_type	0	static
../grapics/src/core/lv_obj.c:391:6:lv_obj_has_class	0	static
../grapics/src/core/lv_obj.c:402:24:lv_obj_get_class	0	static
../grapics/src/core/lv_obj.c:407:6:lv_obj_is_valid	24	static
