../Core/Src/lvgl_func.c:87:6:my_flush_cb	16	static
../Core/Src/lvgl_func.c:53:6:text_update	8	static
../Core/Src/lvgl_func.c:81:6:lvgl_page_loader	8	static
../Core/Src/lvgl_func.c:99:6:img_print_lvgl	112	static
../Core/Src/lvgl_func.c:136:6:lvgl_main_init	24	static
../Core/Src/lvgl_func.c:158:6:lvgl_screen_redering	24	static
../Core/Src/lvgl_func.c:188:5:lvgl_intToggle	8	static
../Core/Src/lvgl_func.c:229:5:lvgl_zoneToggle	16	static
../Core/Src/lvgl_func.c:270:5:lvgl_menuToggle	16	static
../Core/Src/lvgl_func.c:309:14:get_var_loading_screen_input	0	static
../Core/Src/lvgl_func.c:314:14:get_var_view_type	0	static
../Core/Src/lvgl_func.c:319:14:get_var_page	0	static
../Core/Src/lvgl_func.c:324:14:get_var_mode_zone	0	static
../Core/Src/lvgl_func.c:328:14:get_var_mode_int	0	static
