../Core/Src/lvgl_func.c:88:6:my_flush_cb	16	static
../Core/Src/lvgl_func.c:54:6:text_update	0	static
../Core/Src/lvgl_func.c:82:6:lvgl_page_loader	8	static
../Core/Src/lvgl_func.c:100:6:img_print_lvgl	120	static
../Core/Src/lvgl_func.c:137:6:lvgl_main_init	16	static
../Core/Src/lvgl_func.c:159:6:lvgl_screen_redering	32	static
../Core/Src/lvgl_func.c:186:5:lvgl_intToggle	8	static
../Core/Src/lvgl_func.c:227:5:lvgl_zoneToggle	24	static
../Core/Src/lvgl_func.c:268:5:lvgl_menuToggle	16	static
../Core/Src/lvgl_func.c:309:14:get_var_loading_screen_input	0	static
../Core/Src/lvgl_func.c:314:14:get_var_view_type	0	static
../Core/Src/lvgl_func.c:319:14:get_var_page	0	static
../Core/Src/lvgl_func.c:324:14:get_var_mode_zone	0	static
../Core/Src/lvgl_func.c:328:14:get_var_mode_int	0	static
