/home/samfishy/Documents/GitHub/STM32_tof_camera/grapics/src/hal/../draw/../misc/lv_color.h:594:26:lv_color_make	1
../Core/Src/main.c:158:6:bilinear_init_q15	1
../Core/Src/main.c:165:6:load_input_int16_to_q15	2
../Core/Src/main.c:173:6:bilinear_8x8_to_16x16_q15	7
../Core/Src/main.c:234:6:heatmap_plotting	3
../Core/Src/main.c:255:6:img_print_lvgl	6
../Core/Src/main.c:296:6:image	2
../Core/Src/main.c:312:6:img_store	2
../Core/Src/main.c:328:6:my_flush_cb	1
../Core/Src/main.c:349:5:main	4
../Core/Src/main.c:466:6:SystemClock_Config	3
../Core/Src/main.c:513:13:MX_I2C2_Init	2
../Core/Src/main.c:547:13:MX_SPI1_Init	2
../Core/Src/main.c:585:13:MX_SPI4_Init	2
../Core/Src/main.c:623:13:MX_TIM2_Init	6
../Core/Src/main.c:682:13:MX_TIM3_Init	4
../Core/Src/main.c:727:13:MX_TIM4_Init	4
../Core/Src/main.c:770:13:MX_DMA_Init	1
../Core/Src/main.c:788:13:MX_GPIO_Init	1
../Core/Src/main.c:893:6:tof_init	2
../Core/Src/main.c:922:13:mainTask	4
../Core/Src/main.c:947:13:interpolationTask	2
../Core/Src/main.c:970:13:RestMajorTask	17
../Core/Src/main.c:1119:6:HAL_GPIO_EXTI_Callback	7
../Core/Src/main.c:1161:14:get_var_loading_screen_input	1
../Core/Src/main.c:1166:14:get_var_view_type	1
../Core/Src/main.c:1171:14:get_var_page	1
../Core/Src/main.c:1176:14:get_var_mode_zone	1
../Core/Src/main.c:1180:14:get_var_mode_int	1
../Core/Src/main.c:1186:6:HAL_SPI_TxCpltCallback	3
../Core/Src/main.c:1203:6:HAL_TIM_PeriodElapsedCallback	2
../Core/Src/main.c:1221:6:Error_Handler	1
