../Core/Src/main.c:368:6:my_flush_cb	16	static
../Core/Src/main.c:149:6:bilinear_init_q15	0	static
../Core/Src/main.c:156:6:load_input_int16_to_q15	0	static
../Core/Src/main.c:164:6:bilinear_8x8_to_16x16_q15	48	static
../Core/Src/main.c:226:6:heatmap_plotting	0	static
../Core/Src/main.c:246:6:res_calc2	0	static
../Core/Src/main.c:266:6:res_calc	0	static
../Core/Src/main.c:290:6:img_print_lvgl	112	static
../Core/Src/main.c:336:6:image	16	static
../Core/Src/main.c:352:6:img_store	8	static
../Core/Src/main.c:513:6:SystemClock_Config	88	static,ignoring_inline_asm
../Core/Src/main.c:940:6:tof_init	16	static
../Core/Src/main.c:389:5:main	96	static,ignoring_inline_asm
../Core/Src/main.c:969:6:HAL_TIM_PeriodElapsedCallback	8	static
../Core/Src/main.c:1025:6:HAL_GPIO_EXTI_Callback	16	static
../Core/Src/main.c:1173:14:get_var_loading_screen_input	0	static
../Core/Src/main.c:1178:14:get_var_view_type	0	static
../Core/Src/main.c:1183:14:get_var_page	0	static
../Core/Src/main.c:1188:14:get_var_mode_zone	0	static
../Core/Src/main.c:1192:14:get_var_mode_int	0	static
../Core/Src/main.c:1198:6:HAL_SPI_TxCpltCallback	8	static
../Core/Src/main.c:1211:6:Error_Handler	0	static,ignoring_inline_asm
