../Core/Src/main.c:321:6:my_flush_cb	16	static
../Core/Src/main.c:149:6:bilinear_init_q15	0	static
../Core/Src/main.c:156:6:load_input_int16_to_q15	0	static
../Core/Src/main.c:164:6:bilinear_8x8_to_16x16_q15	48	static
../Core/Src/main.c:227:6:heatmap_plotting	12	static
../Core/Src/main.c:248:6:img_print_lvgl	112	static
../Core/Src/main.c:289:6:image	16	static
../Core/Src/main.c:305:6:img_store	8	static
../Core/Src/main.c:466:6:SystemClock_Config	88	static,ignoring_inline_asm
../Core/Src/main.c:893:6:tof_init	16	static
../Core/Src/main.c:342:5:main	96	static,ignoring_inline_asm
../Core/Src/main.c:922:6:HAL_TIM_PeriodElapsedCallback	8	static
../Core/Src/main.c:978:6:HAL_GPIO_EXTI_Callback	16	static
../Core/Src/main.c:1126:14:get_var_loading_screen_input	0	static
../Core/Src/main.c:1131:14:get_var_view_type	0	static
../Core/Src/main.c:1136:14:get_var_page	0	static
../Core/Src/main.c:1141:14:get_var_mode_zone	0	static
../Core/Src/main.c:1145:14:get_var_mode_int	0	static
../Core/Src/main.c:1151:6:HAL_SPI_TxCpltCallback	8	static
../Core/Src/main.c:1164:6:Error_Handler	0	static,ignoring_inline_asm
