../Core/Src/main.c:319:6:my_flush_cb	1
../Core/Src/main.c:149:6:bilinear_init_q15	1
../Core/Src/main.c:156:6:load_input_int16_to_q15	3
../Core/Src/main.c:164:6:bilinear_8x8_to_16x16_q15	5
../Core/Src/main.c:225:6:heatmap_plotting	3
../Core/Src/main.c:246:6:img_print_lvgl	7
../Core/Src/main.c:287:6:image	2
../Core/Src/main.c:303:6:img_store	3
../Core/Src/main.c:464:6:SystemClock_Config	3
../Core/Src/main.c:891:6:tof_init	2
../Core/Src/main.c:340:5:main	21
../Core/Src/main.c:920:6:HAL_TIM_PeriodElapsedCallback	10
../Core/Src/main.c:976:6:HAL_GPIO_EXTI_Callback	20
../Core/Src/main.c:1125:14:get_var_loading_screen_input	1
../Core/Src/main.c:1130:14:get_var_view_type	1
../Core/Src/main.c:1135:14:get_var_page	1
../Core/Src/main.c:1140:14:get_var_mode_zone	1
../Core/Src/main.c:1144:14:get_var_mode_int	1
../Core/Src/main.c:1150:6:HAL_SPI_TxCpltCallback	3
../Core/Src/main.c:1163:6:Error_Handler	1
