../Core/Src/st7735.c:88:7:ST7735_Select	0	static
../Core/Src/st7735.c:92:6:ST7735_Unselect	0	static
../Core/Src/st7735.c:96:6:ST7735_Reset	8	static
../Core/Src/st7735.c:102:6:ST7735_WriteCommand	16	static
../Core/Src/st7735.c:107:6:ST7735_WriteCommand_DMA	16	static
../Core/Src/st7735.c:112:7:ST7735_WriteData	16	static
../Core/Src/st7735.c:117:7:ST7735_WriteData_DMA	16	static
../Core/Src/st7735.c:122:6:ST7735_ExecuteCommandList	32	static
../Core/Src/st7735.c:149:6:ST7735_SetAddressWindow	32	static
../Core/Src/st7735.c:285:6:ST7735_FillRectangleFast.part.0	32	static
../Core/Src/st7735.c:165:6:ST7735_SetAddressWindow_DMA	32	static
../Core/Src/st7735.c:181:6:ST7735_Init	8	static
../Core/Src/st7735.c:190:6:ST7735_DrawPixel	24	static
../Core/Src/st7735.c:239:6:ST7735_WriteString	72	static
../Core/Src/st7735.c:265:6:ST7735_FillRectangle	32	static
../Core/Src/st7735.c:285:6:ST7735_FillRectangleFast	4	static
../Core/Src/st7735.c:308:6:ST7735_FillScreen	24	static
../Core/Src/st7735.c:312:6:ST7735_FillScreenFast	16	static
../Core/Src/st7735.c:316:6:ST7735_DrawImage	24	static
../Core/Src/st7735.c:326:6:ST7735_DrawImage_DMA	24	static
../Core/Src/st7735.c:336:6:ST7735_InvertColors	16	static
../Core/Src/st7735.c:342:6:ST7735_SetGamma	24	static
