../Core/Src/stm32f4xx_it.c:73:6:NMI_Handler	0	static
../Core/Src/stm32f4xx_it.c:88:6:HardFault_Handler	0	static
../Core/Src/stm32f4xx_it.c:103:6:MemManage_Handler	0	static
../Core/Src/stm32f4xx_it.c:118:6:BusFault_Handler	0	static
../Core/Src/stm32f4xx_it.c:133:6:UsageFault_Handler	0	static
../Core/Src/stm32f4xx_it.c:148:6:SVC_Handler	0	static
../Core/Src/stm32f4xx_it.c:161:6:DebugMon_Handler	0	static
../Core/Src/stm32f4xx_it.c:174:6:PendSV_Handler	0	static
../Core/Src/stm32f4xx_it.c:187:6:SysTick_Handler	8	static
../Core/Src/stm32f4xx_it.c:208:6:RCC_IRQHandler	0	static
../Core/Src/stm32f4xx_it.c:221:6:EXTI0_IRQHandler	8	static
../Core/Src/stm32f4xx_it.c:235:6:EXTI2_IRQHandler	8	static
../Core/Src/stm32f4xx_it.c:249:6:EXTI3_IRQHandler	8	static
../Core/Src/stm32f4xx_it.c:263:6:EXTI4_IRQHandler	8	static
../Core/Src/stm32f4xx_it.c:277:6:EXTI9_5_IRQHandler	8	static
../Core/Src/stm32f4xx_it.c:291:6:TIM3_IRQHandler	8	static
../Core/Src/stm32f4xx_it.c:305:6:TIM4_IRQHandler	8	static
../Core/Src/stm32f4xx_it.c:319:6:DMA2_Stream1_IRQHandler	8	static
../Core/Src/stm32f4xx_it.c:333:6:SPI4_IRQHandler	8	static
