../Core/Src/stm32f4xx_it.c:75:6:NMI_Handler	0	static
../Core/Src/stm32f4xx_it.c:90:6:HardFault_Handler	0	static
../Core/Src/stm32f4xx_it.c:105:6:MemManage_Handler	0	static
../Core/Src/stm32f4xx_it.c:120:6:BusFault_Handler	0	static
../Core/Src/stm32f4xx_it.c:135:6:UsageFault_Handler	0	static
../Core/Src/stm32f4xx_it.c:154:6:DebugMon_Handler	0	static
../Core/Src/stm32f4xx_it.c:177:6:RCC_IRQHandler	0	static
../Core/Src/stm32f4xx_it.c:190:6:EXTI0_IRQHandler	0	static
../Core/Src/stm32f4xx_it.c:204:6:EXTI2_IRQHandler	0	static
../Core/Src/stm32f4xx_it.c:218:6:EXTI3_IRQHandler	0	static
../Core/Src/stm32f4xx_it.c:232:6:EXTI4_IRQHandler	0	static
../Core/Src/stm32f4xx_it.c:246:6:DMA1_Stream2_IRQHandler	0	static
../Core/Src/stm32f4xx_it.c:260:6:EXTI9_5_IRQHandler	0	static
../Core/Src/stm32f4xx_it.c:274:6:TIM1_TRG_COM_TIM11_IRQHandler	0	static
../Core/Src/stm32f4xx_it.c:288:6:I2C2_EV_IRQHandler	0	static
../Core/Src/stm32f4xx_it.c:302:6:DMA2_Stream1_IRQHandler	0	static
../Core/Src/stm32f4xx_it.c:316:6:SPI4_IRQHandler	0	static
