../Core/Src/stm32f4xx_it.c:75:6:NMI_Handler	4	static
../Core/Src/stm32f4xx_it.c:90:6:HardFault_Handler	4	static
../Core/Src/stm32f4xx_it.c:105:6:MemManage_Handler	4	static
../Core/Src/stm32f4xx_it.c:120:6:BusFault_Handler	4	static
../Core/Src/stm32f4xx_it.c:135:6:UsageFault_Handler	4	static
../Core/Src/stm32f4xx_it.c:154:6:DebugMon_Handler	4	static
../Core/Src/stm32f4xx_it.c:178:6:RCC_IRQHandler	4	static
../Core/Src/stm32f4xx_it.c:191:6:EXTI0_IRQHandler	8	static
../Core/Src/stm32f4xx_it.c:205:6:EXTI2_IRQHandler	8	static
../Core/Src/stm32f4xx_it.c:219:6:EXTI3_IRQHandler	8	static
../Core/Src/stm32f4xx_it.c:233:6:EXTI4_IRQHandler	8	static
../Core/Src/stm32f4xx_it.c:247:6:EXTI9_5_IRQHandler	8	static
../Core/Src/stm32f4xx_it.c:261:6:TIM1_TRG_COM_TIM11_IRQHandler	8	static
../Core/Src/stm32f4xx_it.c:275:6:TIM3_IRQHandler	8	static
../Core/Src/stm32f4xx_it.c:289:6:TIM4_IRQHandler	8	static
../Core/Src/stm32f4xx_it.c:303:6:DMA2_Stream1_IRQHandler	8	static
../Core/Src/stm32f4xx_it.c:317:6:SPI4_IRQHandler	8	static
