../Core/Src/stm32f4xx_it.c:77:6:NMI_Handler	0	static
../Core/Src/stm32f4xx_it.c:92:6:HardFault_Handler	0	static
../Core/Src/stm32f4xx_it.c:107:6:MemManage_Handler	0	static
../Core/Src/stm32f4xx_it.c:122:6:BusFault_Handler	0	static
../Core/Src/stm32f4xx_it.c:137:6:UsageFault_Handler	0	static
../Core/Src/stm32f4xx_it.c:157:6:DebugMon_Handler	0	static
../Core/Src/stm32f4xx_it.c:180:6:RCC_IRQHandler	0	static
../Core/Src/stm32f4xx_it.c:193:6:EXTI0_IRQHandler	8	static
../Core/Src/stm32f4xx_it.c:207:6:EXTI2_IRQHandler	8	static
../Core/Src/stm32f4xx_it.c:221:6:EXTI3_IRQHandler	8	static
../Core/Src/stm32f4xx_it.c:235:6:EXTI4_IRQHandler	8	static
../Core/Src/stm32f4xx_it.c:249:6:DMA1_Stream2_IRQHandler	8	static
../Core/Src/stm32f4xx_it.c:263:6:EXTI9_5_IRQHandler	8	static
../Core/Src/stm32f4xx_it.c:277:6:TIM1_TRG_COM_TIM11_IRQHandler	8	static
../Core/Src/stm32f4xx_it.c:291:6:TIM3_IRQHandler	8	static
../Core/Src/stm32f4xx_it.c:305:6:TIM4_IRQHandler	8	static
../Core/Src/stm32f4xx_it.c:319:6:I2C2_EV_IRQHandler	8	static
../Core/Src/stm32f4xx_it.c:333:6:DMA2_Stream1_IRQHandler	8	static
../Core/Src/stm32f4xx_it.c:347:6:SPI4_IRQHandler	8	static
