../Core/Src/stm32f4xx_hal_msp.c:68:6:HAL_MspInit	16	static
../Core/Src/stm32f4xx_hal_msp.c:100:6:HAL_I2C_MspInit	72	static
../Core/Src/stm32f4xx_hal_msp.c:167:6:HAL_I2C_MspDeInit	16	static
../Core/Src/stm32f4xx_hal_msp.c:203:6:HAL_SPI_MspInit	64	static
../Core/Src/stm32f4xx_hal_msp.c:294:6:HAL_SPI_MspDeInit	8	static
../Core/Src/stm32f4xx_hal_msp.c:349:6:HAL_TIM_Base_MspInit	24	static
../Core/Src/stm32f4xx_hal_msp.c:393:6:HAL_TIM_MspPostInit	32	static
../Core/Src/stm32f4xx_hal_msp.c:425:6:HAL_TIM_Base_MspDeInit	8	static
