../grapics/src/extra/widgets/chart/lv_chart.c:1680:13:invalidate_point	48	static
../grapics/src/extra/widgets/chart/lv_chart.c:671:13:lv_chart_destructor	16	static
../grapics/src/extra/widgets/chart/lv_chart.c:640:13:lv_chart_constructor	8	static
../grapics/src/extra/widgets/chart/lv_chart.c:1742:13:new_points_alloc	32	static
../grapics/src/extra/widgets/chart/lv_chart.c:67:12:lv_chart_create	8	static
../grapics/src/extra/widgets/chart/lv_chart.c:75:6:lv_chart_set_type	24	static
../grapics/src/extra/widgets/chart/lv_chart.c:104:6:lv_chart_set_point_count	24	static
../grapics/src/extra/widgets/chart/lv_chart.c:128:6:lv_chart_set_range	8	static
../grapics/src/extra/widgets/chart/lv_chart.c:160:6:lv_chart_set_update_mode	8	static
../grapics/src/extra/widgets/chart/lv_chart.c:171:6:lv_chart_set_div_line_count	8	static
../grapics/src/extra/widgets/chart/lv_chart.c:184:6:lv_chart_set_zoom_x	8	static
../grapics/src/extra/widgets/chart/lv_chart.c:198:6:lv_chart_set_zoom_y	8	static
../grapics/src/extra/widgets/chart/lv_chart.c:212:10:lv_chart_get_zoom_x	0	static
../grapics/src/extra/widgets/chart/lv_chart.c:220:10:lv_chart_get_zoom_y	0	static
../grapics/src/extra/widgets/chart/lv_chart.c:245:17:lv_chart_get_type	0	static
../grapics/src/extra/widgets/chart/lv_chart.c:253:10:lv_chart_get_point_count	0	static
../grapics/src/extra/widgets/chart/lv_chart.c:261:10:lv_chart_get_x_start_point	0	static
../grapics/src/extra/widgets/chart/lv_chart.c:269:6:lv_chart_get_point_pos_by_id	72	static
../grapics/src/extra/widgets/chart/lv_chart.c:330:6:lv_chart_refresh	8	static
../grapics/src/extra/widgets/chart/lv_chart.c:341:21:lv_chart_add_series	24	static
../grapics/src/extra/widgets/chart/lv_chart.c:382:6:lv_chart_remove_series	16	static
../grapics/src/extra/widgets/chart/lv_chart.c:397:6:lv_chart_hide_series	8	static
../grapics/src/extra/widgets/chart/lv_chart.c:406:6:lv_chart_set_series_color	8	static
../grapics/src/extra/widgets/chart/lv_chart.c:415:6:lv_chart_set_x_start_point	0	static
../grapics/src/extra/widgets/chart/lv_chart.c:425:21:lv_chart_get_series_next	8	static
../grapics/src/extra/widgets/chart/lv_chart.c:445:22:lv_chart_add_cursor	16	static
../grapics/src/extra/widgets/chart/lv_chart.c:471:6:lv_chart_set_cursor_pos	8	static
../grapics/src/extra/widgets/chart/lv_chart.c:489:6:lv_chart_set_cursor_point	16	static
../grapics/src/extra/widgets/chart/lv_chart.c:507:12:lv_chart_get_cursor_point	8	static
../grapics/src/extra/widgets/chart/lv_chart.c:519:6:lv_chart_set_all_value	8	static
../grapics/src/extra/widgets/chart/lv_chart.c:533:6:lv_chart_set_next_value	16	static
../grapics/src/extra/widgets/chart/lv_chart.c:545:6:lv_chart_set_next_value2	8	static
../grapics/src/extra/widgets/chart/lv_chart.c:563:6:lv_chart_set_value_by_id	8	static
../grapics/src/extra/widgets/chart/lv_chart.c:574:6:lv_chart_set_value_by_id2	8	static
../grapics/src/extra/widgets/chart/lv_chart.c:592:6:lv_chart_set_ext_y_array	16	static
../grapics/src/extra/widgets/chart/lv_chart.c:603:6:lv_chart_set_ext_x_array	16	static
../grapics/src/extra/widgets/chart/lv_chart.c:614:14:lv_chart_get_y_array	0	static
../grapics/src/extra/widgets/chart/lv_chart.c:622:14:lv_chart_get_x_array	0	static
../grapics/src/extra/widgets/chart/lv_chart.c:630:10:lv_chart_get_pressed_point	0	static
../grapics/src/extra/widgets/chart/lv_chart.c:1788:23:get_tick_gsc	0	static
../grapics/src/extra/widgets/chart/lv_chart.c:1382:13:draw_y_ticks	240	static
../grapics/src/extra/widgets/chart/lv_chart.c:1514:13:draw_x_ticks	232	static
../grapics/src/extra/widgets/chart/lv_chart.c:700:13:lv_chart_event	360	static
../grapics/src/extra/widgets/chart/lv_chart.c:228:6:lv_chart_set_axis_tick	16	static
