../grapics/src/widgets/lv_arc.c:779:13:get_center	48	static
../grapics/src/widgets/lv_arc.c:889:19:knob_get_extra_size	16	static
../grapics/src/widgets/lv_arc.c:383:13:lv_arc_constructor	8	static
../grapics/src/widgets/lv_arc.c:728:13:inv_arc_area	56	static
../grapics/src/widgets/lv_arc.c:820:13:get_knob_area	48	static
../grapics/src/widgets/lv_arc.c:68:12:lv_arc_create	8	static
../grapics/src/widgets/lv_arc.c:88:6:lv_arc_set_start_angle	32	static
../grapics/src/widgets/lv_arc.c:112:6:lv_arc_set_end_angle	32	static
../grapics/src/widgets/lv_arc.c:845:13:value_update	32	static
../grapics/src/widgets/lv_arc.c:414:13:lv_arc_event	200	static
../grapics/src/widgets/lv_arc.c:135:6:lv_arc_set_angles	16	static
../grapics/src/widgets/lv_arc.c:141:6:lv_arc_set_bg_start_angle	32	static
../grapics/src/widgets/lv_arc.c:163:6:lv_arc_set_bg_end_angle	32	static
../grapics/src/widgets/lv_arc.c:185:6:lv_arc_set_bg_angles	16	static
../grapics/src/widgets/lv_arc.c:191:6:lv_arc_set_rotation	0	static
../grapics/src/widgets/lv_arc.c:201:6:lv_arc_set_mode	16	static
../grapics/src/widgets/lv_arc.c:230:6:lv_arc_set_value	32	static
../grapics/src/widgets/lv_arc.c:247:6:lv_arc_set_range	32	static
../grapics/src/widgets/lv_arc.c:267:6:lv_arc_set_change_rate	0	static
../grapics/src/widgets/lv_arc.c:279:10:lv_arc_get_angle_start	0	static
../grapics/src/widgets/lv_arc.c:285:10:lv_arc_get_angle_end	0	static
../grapics/src/widgets/lv_arc.c:291:10:lv_arc_get_bg_angle_start	0	static
../grapics/src/widgets/lv_arc.c:297:10:lv_arc_get_bg_angle_end	0	static
../grapics/src/widgets/lv_arc.c:303:9:lv_arc_get_value	0	static
../grapics/src/widgets/lv_arc.c:309:9:lv_arc_get_min_value	0	static
../grapics/src/widgets/lv_arc.c:315:9:lv_arc_get_max_value	0	static
../grapics/src/widgets/lv_arc.c:321:15:lv_arc_get_mode	0	static
../grapics/src/widgets/lv_arc.c:331:6:lv_arc_align_obj_to_angle	40	static
../grapics/src/widgets/lv_arc.c:352:6:lv_arc_rotate_obj_to_angle	40	static
