../grapics/src/extra/libs/qrcode/qrcodegen.c:413:15:initializeFunctionModules	64	static
../grapics/src/extra/libs/qrcode/qrcodegen.c:603:13:applyMask.part.0	36	static
../grapics/src/extra/libs/qrcode/qrcodegen.c:912:26:qrcodegen_makeAlphanumeric.part.0	48	static
../grapics/src/extra/libs/qrcode/qrcodegen.c:878:26:qrcodegen_makeNumeric.part.0	32	static
../grapics/src/extra/libs/qrcode/qrcodegen.c:511:13:drawFormatBits.part.0	16	static
../grapics/src/extra/libs/qrcode/qrcodegen.c:203:6:qrcodegen_encodeSegmentsAdvanced.part.0	128	static
../grapics/src/extra/libs/qrcode/qrcodegen.c:128:6:qrcodegen_encodeText	104	static
../grapics/src/extra/libs/qrcode/qrcodegen.c:166:6:qrcodegen_encodeBinary	56	static
../grapics/src/extra/libs/qrcode/qrcodegen.c:195:6:qrcodegen_encodeSegments	32	static
../grapics/src/extra/libs/qrcode/qrcodegen.c:203:6:qrcodegen_encodeSegmentsAdvanced	20	static
../grapics/src/extra/libs/qrcode/qrcodegen.c:739:5:qrcodegen_getSize	0	static
../grapics/src/extra/libs/qrcode/qrcodegen.c:749:6:qrcodegen_getModule	0	static
../grapics/src/extra/libs/qrcode/qrcodegen.c:797:6:qrcodegen_isAlphanumeric	8	static
../grapics/src/extra/libs/qrcode/qrcodegen.c:808:6:qrcodegen_isNumeric	0	static
../grapics/src/extra/libs/qrcode/qrcodegen.c:819:8:qrcodegen_calcSegmentBufferSize	0	static
../grapics/src/extra/libs/qrcode/qrcodegen.c:863:26:qrcodegen_makeBytes	16	static
../grapics/src/extra/libs/qrcode/qrcodegen.c:878:26:qrcodegen_makeNumeric	8	static
../grapics/src/extra/libs/qrcode/qrcodegen.c:912:26:qrcodegen_makeAlphanumeric	8	static
../grapics/src/extra/libs/qrcode/qrcodegen.c:946:26:qrcodegen_makeEci	8	static
../grapics/src/extra/libs/qrcode/qrcodegen.c:1012:5:qrcodegen_getMinFitVersion	28	static
../grapics/src/extra/libs/qrcode/qrcodegen.c:1028:5:qrcodegen_version2size	0	static
