../grapics/src/draw/sw/lv_draw_sw_gradient.c:60:17:compute_key	4	static
../grapics/src/draw/sw/lv_draw_sw_gradient.c:115:17:find_oldest_item_life	0	static
../grapics/src/draw/sw/lv_draw_sw_gradient.c:156:17:find_item	0	static
../grapics/src/draw/sw/lv_draw_sw_gradient.c:102:17:iterate_cache	32	static
../grapics/src/draw/sw/lv_draw_sw_gradient.c:145:17:kill_oldest_item	24	static
../grapics/src/draw/sw/lv_draw_sw_gradient.c:239:6:lv_gradient_free_cache	8	static
../grapics/src/draw/sw/lv_draw_sw_gradient.c:246:6:lv_gradient_set_cache_size	16	static
../grapics/src/draw/sw/lv_draw_sw_gradient.c:300:39:lv_gradient_calculate	16	static
../grapics/src/draw/sw/lv_draw_sw_gradient.c:255:13:lv_gradient_get	56	static
../grapics/src/draw/sw/lv_draw_sw_gradient.c:345:6:lv_gradient_cleanup	8	static
